#-----------------------------------------------------------
# Vivado v2025.2 (64-bit)
# SW Build 6299465 on Fri Nov 14 19:35:11 GMT 2025
# IP Build 6300035 on Fri Nov 14 10:48:45 MST 2025
# SharedData Build 6298862 on Thu Nov 13 04:50:51 MST 2025
# Start of session at: Fri Jun 19 13:48:36 2026
# Process ID         : 19764
# Current directory  : C:/Users/raem9/Desktop/HDK_Prototype/HDK_v4.8_Final/vivado_project_ready
# Command line       : vivado.exe -mode batch -source synth_full.tcl
# Log file           : C:/Users/raem9/Desktop/HDK_Prototype/HDK_v4.8_Final/vivado_project_ready/vivado.log
# Journal file       : C:/Users/raem9/Desktop/HDK_Prototype/HDK_v4.8_Final/vivado_project_ready\vivado.jou
# Running On         : TQSC
# Platform           : Windows Server 2016 or Windows 10
# Operating System   : 26200
# Processor Detail   : AMD Ryzen 7 7435HS                             
# CPU Frequency      : 3094 MHz
# CPU Physical cores : 8
# CPU Logical cores  : 16
# Host memory        : 25439 MB
# Swap memory        : 9663 MB
# Total Virtual      : 35102 MB
# Available Virtual  : 19500 MB
#-----------------------------------------------------------
source synth_full.tcl
